
Case 1 full MLP training
========================
Analysis: balanced
Samples: 845
DB
DB1    169
DB2    169
DB3    169
DB4    169
DB5    169
Name: count, dtype: int64
Channels: 48
Input size: 4848
Methods: ['wf1_featurewise', 'wf1_timeserieswise', 'wf2_featurewise', 'wf2_timeserieswise', 'wf3_trialwise']
Folds: [1, 2, 3, 4, 5]
Fits per workflow/fold: 1 reused primary configuration
Device: mps

wf1_featurewise: Pool then feature-wise scale
    Reusing primary hyperparameters: h=512 lr=0.001 bs=8
      sensitivity fit complete: val_loss=0.017807, best_epoch=3, runtime=0.2 min
  Fold 1: accuracy=0.9763, balanced_accuracy=0.9758, macro_f1=0.9760
    Reusing primary hyperparameters: h=128 lr=1e-05 bs=8
      sensitivity fit complete: val_loss=0.010967, best_epoch=55, runtime=0.6 min
  Fold 2: accuracy=0.9941, balanced_accuracy=0.9941, macro_f1=0.9940
    Reusing primary hyperparameters: h=256 lr=0.001 bs=16
      sensitivity fit complete: val_loss=0.013698, best_epoch=1, runtime=0.1 min
  Fold 3: accuracy=0.9941, balanced_accuracy=0.9941, macro_f1=0.9941
    Reusing primary hyperparameters: h=64 lr=0.001 bs=128
      sensitivity fit complete: val_loss=0.002378, best_epoch=13, runtime=0.0 min
  Fold 4: accuracy=0.9702, balanced_accuracy=0.9706, macro_f1=0.9695
    Reusing primary hyperparameters: h=128 lr=0.001 bs=8
      sensitivity fit complete: val_loss=1.945385, best_epoch=1, runtime=0.2 min
  Fold 5: accuracy=0.9822, balanced_accuracy=0.9824, macro_f1=0.9823

wf1_timeserieswise: Pool then channel-wise trajectory scale
    Reusing primary hyperparameters: h=128 lr=0.001 bs=64
      sensitivity fit complete: val_loss=0.011319, best_epoch=31, runtime=0.0 min
  Fold 1: accuracy=0.9822, balanced_accuracy=0.9822, macro_f1=0.9822
    Reusing primary hyperparameters: h=512 lr=0.0001 bs=16
      sensitivity fit complete: val_loss=0.029440, best_epoch=7, runtime=0.1 min
  Fold 2: accuracy=0.9765, balanced_accuracy=0.9761, macro_f1=0.9763
    Reusing primary hyperparameters: h=1024 lr=0.001 bs=8
      sensitivity fit complete: val_loss=0.010441, best_epoch=5, runtime=0.3 min
  Fold 3: accuracy=1.0000, balanced_accuracy=1.0000, macro_f1=1.0000
    Reusing primary hyperparameters: h=512 lr=0.0001 bs=8
      sensitivity fit complete: val_loss=0.003642, best_epoch=10, runtime=0.2 min
  Fold 4: accuracy=0.9702, balanced_accuracy=0.9706, macro_f1=0.9695
    Reusing primary hyperparameters: h=32 lr=0.001 bs=16
      sensitivity fit complete: val_loss=0.090350, best_epoch=4, runtime=0.1 min
  Fold 5: accuracy=1.0000, balanced_accuracy=1.0000, macro_f1=1.0000

wf2_featurewise: Scale every DB feature-wise, then pool
/Users/shahzaibali/Desktop/MLP/case1_full_mlp_pipeline_reuse_primary.py:588: RuntimeWarning: All-NaN slice encountered
  minimum = np.nanmin(array, axis=axes, keepdims=True)
/Users/shahzaibali/Desktop/MLP/case1_full_mlp_pipeline_reuse_primary.py:589: RuntimeWarning: All-NaN slice encountered
  maximum = np.nanmax(array, axis=axes, keepdims=True)
    Reusing primary hyperparameters: h=512 lr=0.0001 bs=8
      sensitivity fit complete: val_loss=0.004578, best_epoch=5, runtime=0.2 min
  Fold 1: accuracy=0.9822, balanced_accuracy=0.9822, macro_f1=0.9822
/Users/shahzaibali/Desktop/MLP/case1_full_mlp_pipeline_reuse_primary.py:588: RuntimeWarning: All-NaN slice encountered
  minimum = np.nanmin(array, axis=axes, keepdims=True)
/Users/shahzaibali/Desktop/MLP/case1_full_mlp_pipeline_reuse_primary.py:589: RuntimeWarning: All-NaN slice encountered
  maximum = np.nanmax(array, axis=axes, keepdims=True)
    Reusing primary hyperparameters: h=512 lr=1e-05 bs=32
      sensitivity fit complete: val_loss=0.008795, best_epoch=42, runtime=0.2 min
  Fold 2: accuracy=1.0000, balanced_accuracy=1.0000, macro_f1=1.0000
/Users/shahzaibali/Desktop/MLP/case1_full_mlp_pipeline_reuse_primary.py:588: RuntimeWarning: All-NaN slice encountered
  minimum = np.nanmin(array, axis=axes, keepdims=True)
/Users/shahzaibali/Desktop/MLP/case1_full_mlp_pipeline_reuse_primary.py:589: RuntimeWarning: All-NaN slice encountered
  maximum = np.nanmax(array, axis=axes, keepdims=True)
    Reusing primary hyperparameters: h=32 lr=0.001 bs=8
      sensitivity fit complete: val_loss=0.386954, best_epoch=1, runtime=0.1 min
  Fold 3: accuracy=1.0000, balanced_accuracy=1.0000, macro_f1=1.0000
/Users/shahzaibali/Desktop/MLP/case1_full_mlp_pipeline_reuse_primary.py:588: RuntimeWarning: All-NaN slice encountered
  minimum = np.nanmin(array, axis=axes, keepdims=True)
/Users/shahzaibali/Desktop/MLP/case1_full_mlp_pipeline_reuse_primary.py:589: RuntimeWarning: All-NaN slice encountered
  maximum = np.nanmax(array, axis=axes, keepdims=True)
    Reusing primary hyperparameters: h=64 lr=1e-05 bs=16
      sensitivity fit complete: val_loss=0.444107, best_epoch=20, runtime=0.1 min
  Fold 4: accuracy=0.9940, balanced_accuracy=0.9941, macro_f1=0.9941
/Users/shahzaibali/Desktop/MLP/case1_full_mlp_pipeline_reuse_primary.py:588: RuntimeWarning: All-NaN slice encountered
  minimum = np.nanmin(array, axis=axes, keepdims=True)
/Users/shahzaibali/Desktop/MLP/case1_full_mlp_pipeline_reuse_primary.py:589: RuntimeWarning: All-NaN slice encountered
  maximum = np.nanmax(array, axis=axes, keepdims=True)
    Reusing primary hyperparameters: h=1024 lr=0.001 bs=8
      sensitivity fit complete: val_loss=23178.239792, best_epoch=1, runtime=0.2 min
  Fold 5: accuracy=0.9704, balanced_accuracy=0.9704, macro_f1=0.9707

wf2_timeserieswise: Scale every DB channel-wise, then pool
/Users/shahzaibali/Desktop/MLP/case1_full_mlp_pipeline_reuse_primary.py:588: RuntimeWarning: All-NaN slice encountered
  minimum = np.nanmin(array, axis=axes, keepdims=True)
/Users/shahzaibali/Desktop/MLP/case1_full_mlp_pipeline_reuse_primary.py:589: RuntimeWarning: All-NaN slice encountered
  maximum = np.nanmax(array, axis=axes, keepdims=True)
    Reusing primary hyperparameters: h=1024 lr=0.001 bs=8
      sensitivity fit complete: val_loss=0.012087, best_epoch=2, runtime=0.2 min
  Fold 1: accuracy=0.9882, balanced_accuracy=0.9881, macro_f1=0.9881
/Users/shahzaibali/Desktop/MLP/case1_full_mlp_pipeline_reuse_primary.py:588: RuntimeWarning: All-NaN slice encountered
  minimum = np.nanmin(array, axis=axes, keepdims=True)
/Users/shahzaibali/Desktop/MLP/case1_full_mlp_pipeline_reuse_primary.py:589: RuntimeWarning: All-NaN slice encountered
  maximum = np.nanmax(array, axis=axes, keepdims=True)
    Reusing primary hyperparameters: h=128 lr=1e-05 bs=8
      sensitivity fit complete: val_loss=0.008859, best_epoch=43, runtime=0.5 min
  Fold 2: accuracy=1.0000, balanced_accuracy=1.0000, macro_f1=1.0000
/Users/shahzaibali/Desktop/MLP/case1_full_mlp_pipeline_reuse_primary.py:588: RuntimeWarning: All-NaN slice encountered
  minimum = np.nanmin(array, axis=axes, keepdims=True)
/Users/shahzaibali/Desktop/MLP/case1_full_mlp_pipeline_reuse_primary.py:589: RuntimeWarning: All-NaN slice encountered
  maximum = np.nanmax(array, axis=axes, keepdims=True)
    Reusing primary hyperparameters: h=1024 lr=0.001 bs=128
      sensitivity fit complete: val_loss=0.003564, best_epoch=5, runtime=0.0 min
  Fold 3: accuracy=1.0000, balanced_accuracy=1.0000, macro_f1=1.0000
/Users/shahzaibali/Desktop/MLP/case1_full_mlp_pipeline_reuse_primary.py:588: RuntimeWarning: All-NaN slice encountered
  minimum = np.nanmin(array, axis=axes, keepdims=True)
/Users/shahzaibali/Desktop/MLP/case1_full_mlp_pipeline_reuse_primary.py:589: RuntimeWarning: All-NaN slice encountered
  maximum = np.nanmax(array, axis=axes, keepdims=True)
    Reusing primary hyperparameters: h=1024 lr=0.001 bs=16
      sensitivity fit complete: val_loss=0.003496, best_epoch=2, runtime=0.1 min
  Fold 4: accuracy=1.0000, balanced_accuracy=1.0000, macro_f1=1.0000
/Users/shahzaibali/Desktop/MLP/case1_full_mlp_pipeline_reuse_primary.py:588: RuntimeWarning: All-NaN slice encountered
  minimum = np.nanmin(array, axis=axes, keepdims=True)
/Users/shahzaibali/Desktop/MLP/case1_full_mlp_pipeline_reuse_primary.py:589: RuntimeWarning: All-NaN slice encountered
  maximum = np.nanmax(array, axis=axes, keepdims=True)
    Reusing primary hyperparameters: h=32 lr=0.001 bs=16
      sensitivity fit complete: val_loss=27.670856, best_epoch=1, runtime=0.1 min
  Fold 5: accuracy=0.9763, balanced_accuracy=0.9765, macro_f1=0.9767

wf3_trialwise: Scale each trial/channel independently
/Users/shahzaibali/Desktop/MLP/case1_full_mlp_pipeline_reuse_primary.py:588: RuntimeWarning: All-NaN slice encountered
  minimum = np.nanmin(array, axis=axes, keepdims=True)
/Users/shahzaibali/Desktop/MLP/case1_full_mlp_pipeline_reuse_primary.py:589: RuntimeWarning: All-NaN slice encountered
  maximum = np.nanmax(array, axis=axes, keepdims=True)
    Reusing primary hyperparameters: h=32 lr=0.001 bs=8
      sensitivity fit complete: val_loss=0.041464, best_epoch=4, runtime=0.2 min
  Fold 1: accuracy=0.9822, balanced_accuracy=0.9822, macro_f1=0.9823
/Users/shahzaibali/Desktop/MLP/case1_full_mlp_pipeline_reuse_primary.py:588: RuntimeWarning: All-NaN slice encountered
  minimum = np.nanmin(array, axis=axes, keepdims=True)
/Users/shahzaibali/Desktop/MLP/case1_full_mlp_pipeline_reuse_primary.py:589: RuntimeWarning: All-NaN slice encountered
  maximum = np.nanmax(array, axis=axes, keepdims=True)
    Reusing primary hyperparameters: h=512 lr=0.001 bs=16
      sensitivity fit complete: val_loss=0.004303, best_epoch=2, runtime=0.2 min
  Fold 2: accuracy=0.9882, balanced_accuracy=0.9882, macro_f1=0.9881
/Users/shahzaibali/Desktop/MLP/case1_full_mlp_pipeline_reuse_primary.py:588: RuntimeWarning: All-NaN slice encountered
  minimum = np.nanmin(array, axis=axes, keepdims=True)
/Users/shahzaibali/Desktop/MLP/case1_full_mlp_pipeline_reuse_primary.py:589: RuntimeWarning: All-NaN slice encountered
  maximum = np.nanmax(array, axis=axes, keepdims=True)
    Reusing primary hyperparameters: h=1024 lr=0.001 bs=16
      sensitivity fit complete: val_loss=0.004062, best_epoch=6, runtime=0.3 min
  Fold 3: accuracy=1.0000, balanced_accuracy=1.0000, macro_f1=1.0000
/Users/shahzaibali/Desktop/MLP/case1_full_mlp_pipeline_reuse_primary.py:588: RuntimeWarning: All-NaN slice encountered
  minimum = np.nanmin(array, axis=axes, keepdims=True)
/Users/shahzaibali/Desktop/MLP/case1_full_mlp_pipeline_reuse_primary.py:589: RuntimeWarning: All-NaN slice encountered
  maximum = np.nanmax(array, axis=axes, keepdims=True)
    Reusing primary hyperparameters: h=512 lr=0.001 bs=128
      sensitivity fit complete: val_loss=0.004945, best_epoch=20, runtime=0.0 min
  Fold 4: accuracy=0.9881, balanced_accuracy=0.9882, macro_f1=0.9882
/Users/shahzaibali/Desktop/MLP/case1_full_mlp_pipeline_reuse_primary.py:588: RuntimeWarning: All-NaN slice encountered
  minimum = np.nanmin(array, axis=axes, keepdims=True)
/Users/shahzaibali/Desktop/MLP/case1_full_mlp_pipeline_reuse_primary.py:589: RuntimeWarning: All-NaN slice encountered
  maximum = np.nanmax(array, axis=axes, keepdims=True)
    Reusing primary hyperparameters: h=512 lr=0.001 bs=16
      sensitivity fit complete: val_loss=0.003974, best_epoch=38, runtime=0.4 min
  Fold 5: accuracy=1.0000, balanced_accuracy=1.0000, macro_f1=1.0000

Completed analysis: balanced
Summary: case1_results_new/balanced/summary_mean_std.csv
